exports[`Time component should render correctly 1`] = `
<div
  style={
    Object {
      "background": undefined,
      "borderRadius": "3px 3px 0 0",
      "padding": "14px 16px",
    }
  }>
  <div
    style={
      Object {
        "left": 20,
        "position": "relative",
      }
    }>
    <div
      style={
        Object {
          "display": "inline-block",
          "position": "relative",
          "textAlign": "right",
          "width": "72px",
        }
      }>
      <span
        className="react-timekeeper__hour-select"
        onClick={[Function]}
        style={
          Array [
            Object {
              "color": undefined,
              "cursor": "pointer",
              "display": "inline-block",
              "fontSize": "48px",
              "lineHeight": "normal",
              "userSelect": "none",
            },
            Object {
              "animation": "x 0.6s ease-out both",
              "animationName": Object {
                "__process": [Function],
                "__radiumKeyframes": true,
              },
              "color": undefined,
            },
          ]
        } />
      
    </div>
    <span
      style={
        Object {
          "color": undefined,
          "display": "inline-block",
          "fontSize": "46px",
          "fontWeight": "500",
          "lineHeight": "normal",
          "margin": "0 5px",
          "verticalAlign": "2px",
        }
      }>
      :
    </span>
    <div
      style={
        Object {
          "display": "inline-block",
          "position": "relative",
        }
      }>
      <span
        className="react-timekeeper__minute-select"
        onClick={[Function]}
        style={
          Array [
            Object {
              "color": undefined,
              "cursor": "pointer",
              "display": "inline-block",
              "fontSize": "48px",
              "lineHeight": "normal",
              "userSelect": "none",
            },
            false,
          ]
        }>
        ed
      </span>
      
    </div>
    <button
      className="react-timekeeper-button-reset react-timekeeper__meridiem-toggle"
      onClick={[Function]}
      style={
        Object {
          "color": undefined,
          "display": "inline-block",
          "fontFamily": undefined,
          "fontSize": "13px",
          "marginLeft": "2px",
          "padding": "10px 8px",
          "textTransform": "uppercase",
          "verticalAlign": "1px",
        }
      }
      type="button">
      pm
    </button>
  </div>
</div>
`;
