exports[`TimeDropdown component renders correctly 1`] = `
<div
  className="react-timekeeper__time-dropdown"
  onMouseEnter={[Function]}
  onMouseLeave={[Function]}
  style={
    Array [
      Object {
        "animation": "x 0.2s ease-out both",
        "animationName": Object {
          "__process": [Function],
          "__radiumKeyframes": true,
        },
        "background": "white",
        "border": "1px solid undefined",
        "borderRadius": "2px",
        "boxShadow": "0 1px 3px rgba(0,0,0,0.12), 0 1px 2px rgba(0,0,0,0.24)",
        "display": "inline-block",
        "height": "250px",
        "opacity": 0,
        "overflowY": "auto",
        "padding": "6px 0",
        "position": "absolute",
        "top": 62,
        "zIndex": "20",
      },
      undefined,
    ]
  }>
  <ul
    className="react-timekeeper__time-dropdown-options"
    style={
      Object {
        "listStyle": "none",
        "margin": 0,
        "padding": 0,
        "position": "relative",
      }
    }>
    <li
      onClick={[Function]}
      style={
        Object {
          ":hover": Object {
            "background": undefined,
          },
          "background": "",
          "color": undefined,
          "cursor": "pointer",
          "fontSize": "16px",
          "padding": "7px 30px",
        }
      }>
      1
    </li>
    <li
      onClick={[Function]}
      style={
        Object {
          ":hover": Object {
            "background": undefined,
          },
          "background": "",
          "color": undefined,
          "cursor": "pointer",
          "fontSize": "16px",
          "padding": "7px 30px",
        }
      }>
      2
    </li>
    <li
      onClick={[Function]}
      style={
        Object {
          ":hover": Object {
            "background": undefined,
          },
          "background": undefined,
          "color": undefined,
          "cursor": "pointer",
          "fontSize": "16px",
          "padding": "7px 30px",
        }
      }>
      3
    </li>
    <li
      onClick={[Function]}
      style={
        Object {
          ":hover": Object {
            "background": undefined,
          },
          "background": "",
          "color": undefined,
          "cursor": "pointer",
          "fontSize": "16px",
          "padding": "7px 30px",
        }
      }>
      4
    </li>
    <li
      onClick={[Function]}
      style={
        Object {
          ":hover": Object {
            "background": undefined,
          },
          "background": "",
          "color": undefined,
          "cursor": "pointer",
          "fontSize": "16px",
          "padding": "7px 30px",
        }
      }>
      5
    </li>
  </ul>
</div>
`;
